// Jest Snapshot v1, https://goo.gl/fbAQLP

exports[`SidebarNavLink component should render correctly 1`] = `
"<a href=\\"#/path\\" class=\\"nav-link\\">
  <!----> <span class=\\"nav-link__text\\">Link</span></a>"
`;
